[debug] [2026-05-14T11:50:09.417Z] ----------------------------------------------------------------------
[debug] [2026-05-14T11:50:09.420Z] Command:       C:\Program Files\nodejs\node.exe C:\Users\Olair\AppData\Roaming\npm\node_modules\firebase-tools\lib\bin\firebase.js init hosting
[debug] [2026-05-14T11:50:09.420Z] CLI Version:   15.17.0
[debug] [2026-05-14T11:50:09.420Z] Platform:      win32
[debug] [2026-05-14T11:50:09.420Z] Node Version:  v24.14.0
[debug] [2026-05-14T11:50:09.421Z] Time:          Thu May 14 2026 08:50:09 GMT-0300 (Horário Padrão de Brasília)
[debug] [2026-05-14T11:50:09.421Z] ----------------------------------------------------------------------
[debug] 
[info] 
     ######## #### ########  ######## ########     ###     ######  ########
     ##        ##  ##     ## ##       ##     ##  ##   ##  ##       ##
     ######    ##  ########  ######   ########  #########  ######  ######
     ##        ##  ##    ##  ##       ##     ## ##     ##       ## ##
     ##       #### ##     ## ######## ########  ##     ##  ######  ########

You're about to initialize a Firebase project in this directory:

  C:\Users\Olair\Desktop\- PRISMA13 - APP

Before we get started, keep in mind:

  * You are initializing within an existing Firebase project directory

[debug] [2026-05-14T11:50:22.221Z] ExitPromptError: User force closed the prompt with SIGINT
    at Interface.sigint (C:\Users\Olair\AppData\Roaming\npm\node_modules\firebase-tools\node_modules\@inquirer\core\dist\commonjs\lib\create-prompt.js:101:37)
    at Interface.emit (node:events:508:28)
    at [_ttyWrite] [as _ttyWrite] (node:internal/readline/interface:1327:18)
    at ReadStream.onkeypress (node:internal/readline/interface:284:20)
    at ReadStream.emit (node:events:520:35)
    at emitKeys (node:internal/readline/utils:371:14)
    at emitKeys.next (<anonymous>)
    at ReadStream.onData (node:internal/readline/emitKeypressEvents:64:36)
    at ReadStream.emit (node:events:508:28)
    at addChunk (node:internal/streams/readable:563:12)
[error] 
[error] Error: An unexpected error has occurred.
[debug] [2026-05-14T12:05:49.763Z] ----------------------------------------------------------------------
[debug] [2026-05-14T12:05:49.766Z] Command:       C:\Program Files\nodejs\node.exe C:\Users\Olair\AppData\Roaming\npm\node_modules\firebase-tools\lib\bin\firebase.js init hosting
[debug] [2026-05-14T12:05:49.766Z] CLI Version:   15.17.0
[debug] [2026-05-14T12:05:49.766Z] Platform:      win32
[debug] [2026-05-14T12:05:49.766Z] Node Version:  v24.14.0
[debug] [2026-05-14T12:05:49.766Z] Time:          Thu May 14 2026 09:05:49 GMT-0300 (Horário Padrão de Brasília)
[debug] [2026-05-14T12:05:49.766Z] ----------------------------------------------------------------------
[debug] 
[info] 
     ######## #### ########  ######## ########     ###     ######  ########
     ##        ##  ##     ## ##       ##     ##  ##   ##  ##       ##
     ######    ##  ########  ######   ########  #########  ######  ######
     ##        ##  ##    ##  ##       ##     ## ##     ##       ## ##
     ##       #### ##     ## ######## ########  ##     ##  ######  ########

You're about to initialize a Firebase project in this directory:

  C:\Users\Olair\Desktop\- PRISMA13 - APP

Before we get started, keep in mind:

  * You are initializing within an existing Firebase project directory

[debug] [2026-05-14T12:06:32.572Z] ExitPromptError: User force closed the prompt with SIGINT
    at Interface.sigint (C:\Users\Olair\AppData\Roaming\npm\node_modules\firebase-tools\node_modules\@inquirer\core\dist\commonjs\lib\create-prompt.js:101:37)
    at Interface.emit (node:events:508:28)
    at [_ttyWrite] [as _ttyWrite] (node:internal/readline/interface:1327:18)
    at ReadStream.onkeypress (node:internal/readline/interface:284:20)
    at ReadStream.emit (node:events:520:35)
    at emitKeys (node:internal/readline/utils:371:14)
    at emitKeys.next (<anonymous>)
    at ReadStream.onData (node:internal/readline/emitKeypressEvents:64:36)
    at ReadStream.emit (node:events:508:28)
    at addChunk (node:internal/streams/readable:563:12)
[error] 
[error] Error: An unexpected error has occurred.
